###############################################################################
#
# IAR ELF Linker V9.10.2.313/W64 for ARM                  14/Aug/2021  19:21:20
# Copyright 2007-2021 IAR Systems AB.
#
#    Output file  =
#        D:\Documentos\UTFPR\SISTEMAS MICROCONTROLADOS\LAB_2\ELF52\EX
#        20\Debug\Exe\EX 20.out
#    Map file     =
#        D:\Documentos\UTFPR\SISTEMAS MICROCONTROLADOS\LAB_2\ELF52\EX
#        20\Debug\List\EX 20.map
#    Command line =
#        -f "D:\Documentos\UTFPR\SISTEMAS MICROCONTROLADOS\LAB_2\ELF52\EX
#        20\Debug\Exe\EX 20.out.rsp" ("D:\Documentos\UTFPR\SISTEMAS
#        MICROCONTROLADOS\LAB_2\ELF52\EX 20\Debug\Obj\asm.o" --no_out_extension
#        -o "D:\Documentos\UTFPR\SISTEMAS MICROCONTROLADOS\LAB_2\ELF52\EX
#        20\Debug\Exe\EX 20.out" --redirect _Printf=_PrintfFullNoMb --redirect
#        _Scanf=_ScanfFullNoMb --map "D:\Documentos\UTFPR\SISTEMAS
#        MICROCONTROLADOS\LAB_2\ELF52\EX 20\Debug\List\EX 20.map" --config
#        D:\arm\CONFIG\generic_cortex.icf --semihosting --no_library_search
#        --entry __iar_program_start --vfe --text_out locale)
#
###############################################################################

*******************************************************************************
*** MESSAGES
***

Error[Li005]: no definition for "__vector_table" [referenced from
          D:\Documentos\UTFPR\SISTEMAS MICROCONTROLADOS\LAB_2\ELF52\EX
          20\Debug\Obj\asm.o]


*******************************************************************************
*** PLACEMENT SUMMARY
***

"P1":  place in [from 0x0 to 0x7'ffff] { ro };

No sections matched the following patterns:

  ro section .intvec  in "A0"
  rw                  in "P2"


  Section  Kind     Address   Size  Object
  -------  ----     -------   ----  ------
"P1":                        0x1f4
  .text    ro code      0x0  0x1f4  asm.o [1]
                    - 0x1f4  0x1f4

Unused ranges:

   From        To      Size
   ----        --      ----
  0x1f4  0x7'ffff  0x7'fe0c



*******************************************************************************
*** MODULE SUMMARY
***

    Module        ro code
    ------        -------
command line/config:
    ---------------------
    Total:

D:\Documentos\UTFPR\SISTEMAS MICROCONTROLADOS\LAB_2\ELF52\EX 20\Debug\Obj: [1]
    asm.o             500
    ---------------------
    Total:            500

-------------------------
    Grand Total:      500


*******************************************************************************
*** ENTRY LIST
***

Entry                Address  Size  Type      Object
-----                -------  ----  ----      ------
GPIOJ_Handler            0x1        Code  Gb  asm.o [1]
__iar_program_start     0x2d        Code  Gb  asm.o [1]


[1] = D:\Documentos\UTFPR\SISTEMAS MICROCONTROLADOS\LAB_2\ELF52\EX 20\Debug\Obj

  500 bytes of readonly  code memory

Errors: 1
Warnings: none
