###############################################################################
#
# IAR ELF Linker V9.10.2.313/W64 for ARM                  19/Aug/2021  21:28:05
# Copyright 2007-2021 IAR Systems AB.
#
#    Output file  =
#        D:\Documentos\UTFPR\SISTEMAS MICROCONTROLADOS\ELF52\EX 20\Debug\Exe\EX
#        20.out
#    Map file     =
#        D:\Documentos\UTFPR\SISTEMAS MICROCONTROLADOS\ELF52\EX
#        20\Debug\List\EX 20.map
#    Command line =
#        -f "D:\Documentos\UTFPR\SISTEMAS MICROCONTROLADOS\ELF52\EX
#        20\Debug\Exe\EX 20.out.rsp" ("D:\Documentos\UTFPR\SISTEMAS
#        MICROCONTROLADOS\ELF52\EX 20\Debug\Obj\asm.o"
#        "D:\Documentos\UTFPR\SISTEMAS MICROCONTROLADOS\ELF52\EX
#        20\Debug\Obj\startup_TM4C1294.o" --no_out_extension -o
#        "D:\Documentos\UTFPR\SISTEMAS MICROCONTROLADOS\ELF52\EX
#        20\Debug\Exe\EX 20.out" --redirect _Printf=_PrintfFullNoMb --redirect
#        _Scanf=_ScanfFullNoMb --map "D:\Documentos\UTFPR\SISTEMAS
#        MICROCONTROLADOS\ELF52\EX 20\Debug\List\EX 20.map" --config
#        "C:\Program Files\IAR Systems\Embedded Workbench
#        9.0\arm\config\linker\TexasInstruments\TM4C129ENC.icf" --semihosting
#        --no_library_search --entry __iar_program_start --vfe --text_out
#        locale)
#
###############################################################################

*******************************************************************************
*** PLACEMENT SUMMARY
***

"A0":  place at address 0x0 { ro section .intvec };
"P1":  place in [from 0x0 to 0xf'ffff] { ro };
define block CSTACK with size = 32K, alignment = 8 { };
define block HEAP with size = 64K, alignment = 8 { };
"P2":  place in [from 0x2000'0000 to 0x2003'ffff] {
          rw, block CSTACK, block HEAP };

No sections matched the following patterns:

  rw  in "P2"


  Section   Kind         Address    Size  Object
  -------   ----         -------    ----  ------
"A0":                              0x3c0
  .intvec   ro code          0x0   0x3c0  startup_TM4C1294.o [1]
                         - 0x3c0   0x3c0

"P1":                              0x1f6
  .text     ro code        0x3c0   0x1f4  asm.o [1]
  .text     ro code        0x5b4     0x2  startup_TM4C1294.o [1]
                         - 0x5b6   0x1f6

"P2":                             0x8000
  CSTACK             0x2000'0000  0x8000  <Block>
    CSTACK  uninit   0x2000'0000  0x8000  <Block tail>
                   - 0x2000'8000  0x8000

Unused ranges:

         From           To      Size
         ----           --      ----
        0x5b6     0xf'ffff  0xf'fa4a
  0x2000'8000  0x2003'ffff  0x3'8000



*******************************************************************************
*** MODULE SUMMARY
***

    Module              ro code  rw data
    ------              -------  -------
command line/config:
    ------------------------------------
    Total:

D:\Documentos\UTFPR\SISTEMAS MICROCONTROLADOS\ELF52\EX 20\Debug\Obj: [1]
    asm.o                   500
    startup_TM4C1294.o      962
    ------------------------------------
    Total:                1'462

    Linker created                32'768
----------------------------------------
    Grand Total:          1'462   32'768


*******************************************************************************
*** ENTRY LIST
***

Entry                     Address  Size  Type      Object
-----                     -------  ----  ----      ------
CSTACK$$Base          0x2000'0000         --   Gb  - Linker created -
CSTACK$$Limit         0x2000'8000         --   Gb  - Linker created -
GPIOJ_Handler               0x3c1        Code  Gb  asm.o [1]
__Vectors                     0x0         --   Gb  startup_TM4C1294.o [1]
__Vectors_End               0x3c0        Data  Gb  startup_TM4C1294.o [1]
__Vectors_Size {Abs}        0x3c0         --   Gb  startup_TM4C1294.o [1]
__iar_program_start         0x3e9        Code  Gb  asm.o [1]
__vector_table                0x0        Data  Gb  startup_TM4C1294.o [1]
__vector_table_0x1c          0x1c        Data  Gb  startup_TM4C1294.o [1]


[1] = D:\Documentos\UTFPR\SISTEMAS MICROCONTROLADOS\ELF52\EX 20\Debug\Obj

   1'462 bytes of readonly  code memory
  32'768 bytes of readwrite data memory

Errors: none
Warnings: none
