###############################################################################
#                                                                             #
#     IAR Assembler V9.10.2.313/W64 for ARM 12/Jul/2021  19:17:41             #
#     Copyright 1999-2021 IAR Systems AB.                                     #
#                                                                             #
#           Source file   =  D:\Documentos\UTFPR\SISTEMAS MICROCONTROLADOS\EX_10\Projects\asm_example\src\asm.s#
#           List file     =  D:\Documentos\UTFPR\SISTEMAS MICROCONTROLADOS\EX_10\Projects\asm_example\Debug\List\asm.lst#
#           Object file   =  D:\Documentos\UTFPR\SISTEMAS MICROCONTROLADOS\EX_10\Projects\asm_example\Debug\Obj\asm.o#
#           Command line  =  -f                                               #
#                            D:\Documentos\UTFPR\SISTEMAS MICROCONTROLADOS\EX_10\Projects\asm_example\Debug\Obj\asm.o.rsp #
#                            (D:\Documentos\UTFPR\SISTEMAS MICROCONTROLADOS\EX_10\Projects\asm_example\src\asm.s #
#                            -OD:\Documentos\UTFPR\SISTEMAS MICROCONTROLADOS\EX_10\Projects\asm_example\Debug\Obj\\ #
#                            -s+ -M<> -w+ -r                                  #
#                            -LD:\Documentos\UTFPR\SISTEMAS MICROCONTROLADOS\EX_10\Projects\asm_example\Debug\List\\ #
#                            -t8 --cpu Cortex-M4 --fpu None)                  #
#                                                                             #
###############################################################################

    1                                   PUBLIC  __iar_program_start
    2                                   PUBLIC  __vector_table
    3                           
    4                                   SECTION .text:CODE:REORDER(1)
    5                                   
    6                                   ;; Keep vector table even if it's not
                                 referenced
    7                                   REQUIRE __vector_table
    8                                   
    9                                   THUMB
   10                                   
   11                           __iar_program_start
   12                                   
   13                                   ;; main program begins here
   14    00000000 4FF00B00      main    MOV R0, #11           ; 1011
   15    00000004 4FF00D01              MOV R1, #13           ; 1101
   16                                   
   17                           Mul16b
   18    00000008 00F00104             AND R4, R0, #1 ;Verifica se o MSB de R0
                                                       eh 0 ou 1
   19    0000000C 0CB1                 CBZ R4, desloc ; Se for 0 desloca R0 1
                                                       bit para a dir
   20                                                 ; e R1 1 bit para a
                                 esq
   21    0000000E 0A44                 ADD R2, R1, R2 ; Se 1 Produto Parcial =
                                                       Produto Parcial +
                                                       Multiplicando
   22    00000010 FFE7                 B desloc
   23                                  
   24    00000012 4FEA5000      desloc LSR R0, R0, #1
   25    00000016 4FEA4101             LSL R1, R1, #1
   26    0000001A 00B1                 CBZ R0, fim
   27    0000001C F4E7                 B Mul16b 
   28                                  
   29    0000001E FEE7          fim    B fim
   30                                   
   31                                   ;; main program ends here
   32                           
   33                                   ;; Forward declaration of sections.
   34                                   SECTION CSTACK:DATA:NOROOT(3)
   35                                   SECTION .intvec:CODE:NOROOT(2)
   36                                   
   37                                   DATA
   38                           
   39                           __vector_table
   40    00000000 ........              DCD     sfe(CSTACK)
   41    00000004 ........              DCD     __iar_program_start
   42                           
   43    00000008 ........              DCD     NMI_Handler
   44    0000000C ........              DCD     HardFault_Handler
   45    00000010 ........              DCD     MemManage_Handler
   46    00000014 ........              DCD     BusFault_Handler
   47    00000018 ........              DCD     UsageFault_Handler
   48    0000001C 00000000              DCD     0
   49    00000020 00000000              DCD     0
   50    00000024 00000000              DCD     0
   51    00000028 00000000              DCD     0
   52    0000002C ........              DCD     SVC_Handler
   53    00000030 ........              DCD     DebugMon_Handler
   54    00000034 00000000              DCD     0
   55    00000038 ........              DCD     PendSV_Handler
   56    0000003C ........              DCD     SysTick_Handler
   57                           
   58                           ;;;;;;;;;;;;;;;;;;;;;;;;;;;;;;;;;;;;;;;;;;;;;;
                                ;;;;;;
   59                           ;;
   60                           ;; Default interrupt handlers.
   61                           ;;
   62                           
   63                                   PUBWEAK NMI_Handler
   64                                   PUBWEAK HardFault_Handler
   65                                   PUBWEAK MemManage_Handler
   66                                   PUBWEAK BusFault_Handler
   67                                   PUBWEAK UsageFault_Handler
   68                                   PUBWEAK SVC_Handler
   69                                   PUBWEAK DebugMon_Handler
   70                                   PUBWEAK PendSV_Handler
   71                                   PUBWEAK SysTick_Handler
   72                           
   73                                   SECTION .text:CODE:REORDER:NOROOT(1)
   74                                   THUMB
   75                           
   76                           NMI_Handler
   77                           HardFault_Handler
   78                           MemManage_Handler
   79                           BusFault_Handler
   80                           UsageFault_Handler
   81                           SVC_Handler
   82                           DebugMon_Handler
   83                           PendSV_Handler
   84                           SysTick_Handler
   85                           Default_Handler
   86                           __default_handler
   87                                   CALL_GRAPH_ROOT __default_handler,
                                 "interrupt"
   88                                   NOCALL __default_handler
   89    00000000 FEE7                  B __default_handler
   90                           
   91                                   END
##############################
#           CRC:0            #
#        Errors:   0         #
#        Warnings: 0         #
#         Bytes: 98          #
##############################



