###############################################################################
#                                                                             #
#     IAR Assembler V9.10.2.313/W64 for ARM 12/Jul/2021  19:12:42             #
#     Copyright 1999-2021 IAR Systems AB.                                     #
#                                                                             #
#           Source file   =  D:\Documentos\UTFPR\SISTEMAS MICROCONTROLADOS\EX2\Projects\asm_example\src\asm.s#
#           List file     =  D:\Documentos\UTFPR\SISTEMAS MICROCONTROLADOS\EX2\Projects\asm_example\Debug\List\asm.lst#
#           Object file   =  D:\Documentos\UTFPR\SISTEMAS MICROCONTROLADOS\EX2\Projects\asm_example\Debug\Obj\asm.o#
#           Command line  =  -f                                               #
#                            D:\Documentos\UTFPR\SISTEMAS MICROCONTROLADOS\EX2\Projects\asm_example\Debug\Obj\asm.o.rsp #
#                            (D:\Documentos\UTFPR\SISTEMAS MICROCONTROLADOS\EX2\Projects\asm_example\src\asm.s #
#                            -OD:\Documentos\UTFPR\SISTEMAS MICROCONTROLADOS\EX2\Projects\asm_example\Debug\Obj\\ #
#                            -s+ -M<> -w+ -r                                  #
#                            -LD:\Documentos\UTFPR\SISTEMAS MICROCONTROLADOS\EX2\Projects\asm_example\Debug\List\\ #
#                            -t8 --cpu Cortex-M4 --fpu None)                  #
#                                                                             #
###############################################################################

    1                                   PUBLIC  __iar_program_start
    2                                   PUBLIC  __vector_table
    3                           
    4                                   SECTION .text:CODE:REORDER(1)
    5                                   
    6                                   ;; Keep vector table even if it's not
                                 referenced
    7                                   REQUIRE __vector_table
    8                                   
    9                                   THUMB
   10                                   
   11                           __iar_program_start
   12                                   
   13                                   ;; main program begins here
   14    00000000 4FF00100      main    MOV R0, #1           
   15    00000004 0146                  MOV R1, R0
   16    00000006 A1F10101              SUB R1, R1, #1
   17    0000000A 0D28                  CMP R0, #13
   18    0000000C 05D2                  BHS fim
   19    0000000E 0128                  CMP R0, #1
   20    00000010 03D0                  BEQ fim
   21                                   
   22                           fatorial        
   23    00000012 01FB00F0             MUL R0, R1
   24    00000016 491E                 SUBS R1, R1, #1
   25    00000018 FBD1                 BNE fatorial
   26                                       
   27    0000001A FEE7          fim    B fim
   28                                   
   29                                   ;; main program ends here
   30                           
   31                                   ;; Forward declaration of sections.
   32                                   SECTION CSTACK:DATA:NOROOT(3)
   33                                   SECTION .intvec:CODE:NOROOT(2)
   34                                   
   35                                   DATA
   36                           
   37                           __vector_table
   38    00000000 ........              DCD     sfe(CSTACK)
   39    00000004 ........              DCD     __iar_program_start
   40                           
   41    00000008 ........              DCD     NMI_Handler
   42    0000000C ........              DCD     HardFault_Handler
   43    00000010 ........              DCD     MemManage_Handler
   44    00000014 ........              DCD     BusFault_Handler
   45    00000018 ........              DCD     UsageFault_Handler
   46    0000001C 00000000              DCD     0
   47    00000020 00000000              DCD     0
   48    00000024 00000000              DCD     0
   49    00000028 00000000              DCD     0
   50    0000002C ........              DCD     SVC_Handler
   51    00000030 ........              DCD     DebugMon_Handler
   52    00000034 00000000              DCD     0
   53    00000038 ........              DCD     PendSV_Handler
   54    0000003C ........              DCD     SysTick_Handler
   55                           
   56                           ;;;;;;;;;;;;;;;;;;;;;;;;;;;;;;;;;;;;;;;;;;;;;;
                                ;;;;;;
   57                           ;;
   58                           ;; Default interrupt handlers.
   59                           ;;
   60                           
   61                                   PUBWEAK NMI_Handler
   62                                   PUBWEAK HardFault_Handler
   63                                   PUBWEAK MemManage_Handler
   64                                   PUBWEAK BusFault_Handler
   65                                   PUBWEAK UsageFault_Handler
   66                                   PUBWEAK SVC_Handler
   67                                   PUBWEAK DebugMon_Handler
   68                                   PUBWEAK PendSV_Handler
   69                                   PUBWEAK SysTick_Handler
   70                           
   71                                   SECTION .text:CODE:REORDER:NOROOT(1)
   72                                   THUMB
   73                           
   74                           NMI_Handler
   75                           HardFault_Handler
   76                           MemManage_Handler
   77                           BusFault_Handler
   78                           UsageFault_Handler
   79                           SVC_Handler
   80                           DebugMon_Handler
   81                           PendSV_Handler
   82                           SysTick_Handler
   83                           Default_Handler
   84                           __default_handler
   85                                   CALL_GRAPH_ROOT __default_handler,
                                 "interrupt"
   86                                   NOCALL __default_handler
   87    00000000 FEE7                  B __default_handler
   88                           
   89                                   END
##############################
#           CRC:0            #
#        Errors:   0         #
#        Warnings: 0         #
#         Bytes: 94          #
##############################



