###############################################################################
#
# IAR ELF Linker V9.10.2.313/W64 for ARM                  15/Aug/2021  20:46:47
# Copyright 2007-2021 IAR Systems AB.
#
#    Output file  =
#        D:\Documentos\UTFPR\SISTEMAS
#        MICROCONTROLADOS\LAB_2\ELF52\Debug\Exe\Ex21_UART.out
#    Map file     =
#        D:\Documentos\UTFPR\SISTEMAS
#        MICROCONTROLADOS\LAB_2\ELF52\Debug\List\Ex21_UART.map
#    Command line =
#        -f "D:\Documentos\UTFPR\SISTEMAS
#        MICROCONTROLADOS\LAB_2\ELF52\Debug\Exe\Ex21_UART.out.rsp"
#        ("D:\Documentos\UTFPR\SISTEMAS
#        MICROCONTROLADOS\LAB_2\ELF52\Debug\Obj\asm.o" --no_out_extension -o
#        "D:\Documentos\UTFPR\SISTEMAS
#        MICROCONTROLADOS\LAB_2\ELF52\Debug\Exe\Ex21_UART.out" --redirect
#        _Printf=_PrintfFullNoMb --redirect _Scanf=_ScanfFullNoMb --map
#        "D:\Documentos\UTFPR\SISTEMAS
#        MICROCONTROLADOS\LAB_2\ELF52\Debug\List\Ex21_UART.map" --config
#        "C:\Program Files\IAR Systems\Embedded Workbench
#        9.0\arm\CONFIG\generic_cortex.icf" --semihosting --no_library_search
#        --entry __iar_program_start --vfe --text_out locale)
#
###############################################################################

*******************************************************************************
*** MESSAGES
***

Error[Li005]: no definition for "__vector_table" [referenced from
          D:\Documentos\UTFPR\SISTEMAS
          MICROCONTROLADOS\LAB_2\ELF52\Debug\Obj\asm.o]


*******************************************************************************
*** PLACEMENT SUMMARY
***

"P1":  place in [from 0x0 to 0x7'ffff] { ro };

No sections matched the following patterns:

  ro section .intvec  in "A0"
  rw                  in "P2"


  Section  Kind     Address   Size  Object
  -------  ----     -------   ----  ------
"P1":                        0x244
  .text    ro code      0x0  0x244  asm.o [1]
                    - 0x244  0x244

Unused ranges:

   From        To      Size
   ----        --      ----
  0x244  0x7'ffff  0x7'fdbc



*******************************************************************************
*** MODULE SUMMARY
***

    Module        ro code
    ------        -------
command line/config:
    ---------------------
    Total:

D:\Documentos\UTFPR\SISTEMAS MICROCONTROLADOS\LAB_2\ELF52\Debug\Obj: [1]
    asm.o             580
    ---------------------
    Total:            580

-------------------------
    Grand Total:      580


*******************************************************************************
*** ENTRY LIST
***

Entry                Address  Size  Type      Object
-----                -------  ----  ----      ------
__iar_program_start      0x1        Code  Gb  asm.o [1]


[1] = D:\Documentos\UTFPR\SISTEMAS MICROCONTROLADOS\LAB_2\ELF52\Debug\Obj

  580 bytes of readonly  code memory

Errors: 1
Warnings: none
